.vscodeignore: OK
COMPLETE_PROJECT_FILE_MANIFEST.txt: OK
README.md: OK
dist/app/core/application/applicationStore.js: OK
dist/app/core/application/applicationStore.js.map: OK
dist/app/core/context/IntentClassifier.js: OK
dist/app/core/context/IntentClassifier.js.map: OK
dist/app/core/context/compression/types.js: OK
dist/app/core/context/compression/types.js.map: OK
dist/app/core/context/copilotCustomizations.js: OK
dist/app/core/context/copilotCustomizations.js.map: OK
dist/app/core/context/intentContextBuilder.js: OK
dist/app/core/context/intentContextBuilder.js.map: OK
dist/app/core/context/promptEnhancer.js: OK
dist/app/core/context/promptEnhancer.js.map: OK
dist/app/core/context/routing/intentRouter.js: OK
dist/app/core/context/routing/intentRouter.js.map: OK
dist/app/core/context/routing/routingPolicy.js: OK
dist/app/core/context/routing/routingPolicy.js.map: OK
dist/app/core/context/tokenEstimator.js: OK
dist/app/core/context/tokenEstimator.js.map: OK
dist/app/core/domain/types.js: OK
dist/app/core/domain/types.js.map: OK
dist/app/core/integration/valueedge/client.js: OK
dist/app/core/integration/valueedge/client.js.map: OK
dist/app/core/integration/valueedge/index.js: OK
dist/app/core/integration/valueedge/index.js.map: OK
dist/app/core/integration/valueedge/types.js: OK
dist/app/core/integration/valueedge/types.js.map: OK
dist/app/core/integration/webview/cockpitService.js: OK
dist/app/core/integration/webview/cockpitService.js.map: OK
dist/app/core/integration/webview/messageRouter.js: OK
dist/app/core/integration/webview/messageRouter.js.map: OK
dist/app/core/intelligence/analysis/analyzer.js: OK
dist/app/core/intelligence/analysis/analyzer.js.map: OK
dist/app/core/intelligence/analysis/index.js: OK
dist/app/core/intelligence/analysis/index.js.map: OK
dist/app/core/intelligence/analysis/model.js: OK
dist/app/core/intelligence/analysis/model.js.map: OK
dist/app/core/intelligence/cpg/index.js: OK
dist/app/core/intelligence/cpg/index.js.map: OK
dist/app/core/intelligence/cpg/shardStore.js: OK
dist/app/core/intelligence/cpg/shardStore.js.map: OK
dist/app/core/intelligence/cpg/types.js: OK
dist/app/core/intelligence/cpg/types.js.map: OK
dist/app/core/intelligence/cpg/typescriptCpgBuilder.js: OK
dist/app/core/intelligence/cpg/typescriptCpgBuilder.js.map: OK
dist/app/core/intelligence/cpg/typescriptSemantic.js: OK
dist/app/core/intelligence/cpg/typescriptSemantic.js.map: OK
dist/app/core/intelligence/cpg/universalCpgBuilder.js: OK
dist/app/core/intelligence/cpg/universalCpgBuilder.js.map: OK
dist/app/core/intelligence/graph/graphQuery.js: OK
dist/app/core/intelligence/graph/graphQuery.js.map: OK
dist/app/core/intelligence/graph/platformModel.js: OK
dist/app/core/intelligence/graph/platformModel.js.map: OK
dist/app/core/intelligence/graph/types.js: OK
dist/app/core/intelligence/graph/types.js.map: OK
dist/app/core/intelligence/ingestion/fileScanner.js: OK
dist/app/core/intelligence/ingestion/fileScanner.js.map: OK
dist/app/core/intelligence/ingestion/intelligenceStore.js: OK
dist/app/core/intelligence/ingestion/intelligenceStore.js.map: OK
dist/app/core/intelligence/ingestion/modernizationCandidateDetector.js: OK
dist/app/core/intelligence/ingestion/modernizationCandidateDetector.js.map: OK
dist/app/core/intelligence/ingestion/performancePathDetector.js: OK
dist/app/core/intelligence/ingestion/performancePathDetector.js.map: OK
dist/app/core/intelligence/ingestion/repoIndexer.js: OK
dist/app/core/intelligence/ingestion/repoIndexer.js.map: OK
dist/app/core/intelligence/ingestion/securityZoneDetector.js: OK
dist/app/core/intelligence/ingestion/securityZoneDetector.js.map: OK
dist/app/core/intelligence/ingestion/serviceMapper.js: OK
dist/app/core/intelligence/ingestion/serviceMapper.js.map: OK
dist/app/core/intelligence/ingestion/testMapper.js: OK
dist/app/core/intelligence/ingestion/testMapper.js.map: OK
dist/app/core/intelligence/languages/languageAnalysis.js: OK
dist/app/core/intelligence/languages/languageAnalysis.js.map: OK
dist/app/core/intelligence/languages/languageRegistry.js: OK
dist/app/core/intelligence/languages/languageRegistry.js.map: OK
dist/app/core/intelligence/languages/semanticEnrichment.js: OK
dist/app/core/intelligence/languages/semanticEnrichment.js.map: OK
dist/app/core/intelligence/languages/structuralParser.js: OK
dist/app/core/intelligence/languages/structuralParser.js.map: OK
dist/app/core/intelligence/okf/bundle.js: OK
dist/app/core/intelligence/okf/bundle.js.map: OK
dist/app/core/intelligence/okf/fromRepoIntelligence.js: OK
dist/app/core/intelligence/okf/fromRepoIntelligence.js.map: OK
dist/app/core/intelligence/okf/identity.js: OK
dist/app/core/intelligence/okf/identity.js.map: OK
dist/app/core/intelligence/okf/profile.js: OK
dist/app/core/intelligence/okf/profile.js.map: OK
dist/app/core/intelligence/okf/projections.js: OK
dist/app/core/intelligence/okf/projections.js.map: OK
dist/app/core/intelligence/okf/serialization.js: OK
dist/app/core/intelligence/okf/serialization.js.map: OK
dist/app/core/intelligence/okf/store.js: OK
dist/app/core/intelligence/okf/store.js.map: OK
dist/app/core/intelligence/okf/types.js: OK
dist/app/core/intelligence/okf/types.js.map: OK
dist/app/core/intelligence/okf/validation.js: OK
dist/app/core/intelligence/okf/validation.js.map: OK
dist/app/core/intelligence/pipeline/deadCode.js: OK
dist/app/core/intelligence/pipeline/deadCode.js.map: OK
dist/app/core/intelligence/pipeline/derivedGraph.js: OK
dist/app/core/intelligence/pipeline/derivedGraph.js.map: OK
dist/app/core/intelligence/pipeline/evolution.js: OK
dist/app/core/intelligence/pipeline/evolution.js.map: OK
dist/app/core/intelligence/pipeline/findings.js: OK
dist/app/core/intelligence/pipeline/findings.js.map: OK
dist/app/core/intelligence/pipeline/health.js: OK
dist/app/core/intelligence/pipeline/health.js.map: OK
dist/app/core/intelligence/pipeline/incremental.js: OK
dist/app/core/intelligence/pipeline/incremental.js.map: OK
dist/app/core/intelligence/pipeline/index.js: OK
dist/app/core/intelligence/pipeline/index.js.map: OK
dist/app/core/intelligence/pipeline/pipeline.js: OK
dist/app/core/intelligence/pipeline/pipeline.js.map: OK
dist/app/core/intelligence/pipeline/retrieval.js: OK
dist/app/core/intelligence/pipeline/retrieval.js.map: OK
dist/app/core/intelligence/pipeline/runtime.js: OK
dist/app/core/intelligence/pipeline/runtime.js.map: OK
dist/app/core/intelligence/pipeline/types.js: OK
dist/app/core/intelligence/pipeline/types.js.map: OK
dist/app/core/intelligence/repository/model-builder.js: OK
dist/app/core/intelligence/repository/model-builder.js.map: OK
dist/app/core/intelligence/repository/model.js: OK
dist/app/core/intelligence/repository/model.js.map: OK
dist/app/core/platform/config/defaults.js: OK
dist/app/core/platform/config/defaults.js.map: OK
dist/app/core/platform/config/qualityConfig.js: OK
dist/app/core/platform/config/qualityConfig.js.map: OK
dist/app/core/platform/contracts/domain-model.js: OK
dist/app/core/platform/contracts/domain-model.js.map: OK
dist/app/core/platform/contracts/event-model.js: OK
dist/app/core/platform/contracts/event-model.js.map: OK
dist/app/core/platform/events/EventBus.js: OK
dist/app/core/platform/events/EventBus.js.map: OK
dist/app/core/platform/git/gitReadOnly.js: OK
dist/app/core/platform/git/gitReadOnly.js.map: OK
dist/app/core/platform/metrics/metricsStore.js: OK
dist/app/core/platform/metrics/metricsStore.js.map: OK
dist/app/core/platform/storage/jsonStorage.js: OK
dist/app/core/platform/storage/jsonStorage.js.map: OK
dist/app/core/platform/storage/types.js: OK
dist/app/core/platform/storage/types.js.map: OK
dist/app/core/workflow/agents/captainAgent.js: OK
dist/app/core/workflow/agents/captainAgent.js.map: OK
dist/app/core/workflow/agents/modernizationAgent.js: OK
dist/app/core/workflow/agents/modernizationAgent.js.map: OK
dist/app/core/workflow/agents/performanceAgent.js: OK
dist/app/core/workflow/agents/performanceAgent.js.map: OK
dist/app/core/workflow/agents/prEvidenceAgent.js: OK
dist/app/core/workflow/agents/prEvidenceAgent.js.map: OK
dist/app/core/workflow/agents/qaAgent.js: OK
dist/app/core/workflow/agents/qaAgent.js.map: OK
dist/app/core/workflow/agents/securityAgent.js: OK
dist/app/core/workflow/agents/securityAgent.js.map: OK
dist/app/core/workflow/handoff/contracts.js: OK
dist/app/core/workflow/handoff/contracts.js.map: OK
dist/app/core/workflow/handoff/handoffSecurity.js: OK
dist/app/core/workflow/handoff/handoffSecurity.js.map: OK
dist/app/core/workflow/handoff/taskStatePackage.js: OK
dist/app/core/workflow/handoff/taskStatePackage.js.map: OK
dist/app/core/workflow/modernization/model.js: OK
dist/app/core/workflow/modernization/model.js.map: OK
dist/app/core/workflow/modernization/modernization-api.js: OK
dist/app/core/workflow/modernization/modernization-api.js.map: OK
dist/app/core/workflow/modernization/pattern-library.js: OK
dist/app/core/workflow/modernization/pattern-library.js.map: OK
dist/app/core/workflow/orchestration/model.js: OK
dist/app/core/workflow/orchestration/model.js.map: OK
dist/app/core/workflow/orchestration/workflow-api.js: OK
dist/app/core/workflow/orchestration/workflow-api.js.map: OK
dist/app/core/workflow/quality/cancellation.js: OK
dist/app/core/workflow/quality/cancellation.js.map: OK
dist/app/core/workflow/quality/coverageMapping.js: OK
dist/app/core/workflow/quality/coverageMapping.js.map: OK
dist/app/core/workflow/quality/failureRemediation.js: OK
dist/app/core/workflow/quality/failureRemediation.js.map: OK
dist/app/core/workflow/quality/flakyDetection.js: OK
dist/app/core/workflow/quality/flakyDetection.js.map: OK
dist/app/core/workflow/quality/generation.js: OK
dist/app/core/workflow/quality/generation.js.map: OK
dist/app/core/workflow/quality/impactedTests.js: OK
dist/app/core/workflow/quality/impactedTests.js.map: OK
dist/app/core/workflow/quality/qaGapAnalysis.js: OK
dist/app/core/workflow/quality/qaGapAnalysis.js.map: OK
dist/app/core/workflow/quality/quarantine.js: OK
dist/app/core/workflow/quality/quarantine.js.map: OK
dist/app/core/workflow/quality/riskScoring.js: OK
dist/app/core/workflow/quality/riskScoring.js.map: OK
dist/app/core/workflow/quality/test-runtime/TestRunnerDetection.js: OK
dist/app/core/workflow/quality/test-runtime/TestRunnerDetection.js.map: OK
dist/app/core/workflow/quality/test-runtime/types.js: OK
dist/app/core/workflow/quality/test-runtime/types.js.map: OK
dist/app/core/workflow/quality/testDiscovery.js: OK
dist/app/core/workflow/quality/testDiscovery.js.map: OK
dist/app/core/workflow/quality/testExecution.js: OK
dist/app/core/workflow/quality/testExecution.js.map: OK
dist/app/core/workflow/sdlc/engine.js: OK
dist/app/core/workflow/sdlc/engine.js.map: OK
dist/app/core/workflow/sdlc/store.js: OK
dist/app/core/workflow/sdlc/store.js.map: OK
dist/app/core/workflow/sdlc/types.js: OK
dist/app/core/workflow/sdlc/types.js.map: OK
dist/app/core/workflow/tasks/taskWorkspaceManager.js: OK
dist/app/core/workflow/tasks/taskWorkspaceManager.js.map: OK
dist/app/core/workflow/validation/validationCommands.js: OK
dist/app/core/workflow/validation/validationCommands.js.map: OK
dist/app/core/workflow/validation/validationParser.js: OK
dist/app/core/workflow/validation/validationParser.js.map: OK
dist/app/core/workflow/validation/validationRunner.js: OK
dist/app/core/workflow/validation/validationRunner.js.map: OK
dist/app/extension/browser-view/browserViewServer.js: OK
dist/app/extension/browser-view/browserViewServer.js.map: OK
dist/app/extension/commands/indexCommands.js: OK
dist/app/extension/commands/indexCommands.js.map: OK
dist/app/extension/core/backgroundWorkerCoordinator.js: OK
dist/app/extension/core/backgroundWorkerCoordinator.js.map: OK
dist/app/extension/core/extension.js: OK
dist/app/extension/core/extension.js.map: OK
dist/app/extension/core/qaService.js: OK
dist/app/extension/core/qaService.js.map: OK
dist/app/extension/core/statusBar.js: OK
dist/app/extension/core/statusBar.js.map: OK
dist/app/extension/intelligence/vscodeLanguageServiceEnricher.js: OK
dist/app/extension/intelligence/vscodeLanguageServiceEnricher.js.map: OK
dist/app/extension/task-handoff/taskStateRestorer.js: OK
dist/app/extension/task-handoff/taskStateRestorer.js.map: OK
dist/app/extension/types/messageRouter.js: OK
dist/app/extension/types/messageRouter.js.map: OK
dist/app/extension/ui/vscodeHtml.js: OK
dist/app/extension/ui/vscodeHtml.js.map: OK
dist/app/extension/ui/vscodeProvider.js: OK
dist/app/extension/ui/vscodeProvider.js.map: OK
dist/app/extension/workers/backgroundAnalysisWorker.js: OK
dist/app/extension/workers/backgroundAnalysisWorker.js.map: OK
dist/keystone-1.0.0.vsix: OK
dist/keystone.vsix: OK
dist/media/App.js: OK
dist/media/index.html: OK
dist/media/model.js: OK
dist/media/react-dom.production.min.js: OK
dist/media/react.production.min.js: OK
dist/media/vscodeApi.js: OK
dist/media/webview.css: OK
dist/media/webview.js: OK
docs/ARCHITECTURE.md: OK
docs/BROWSER_VIEW.md: OK
docs/EXECUTION_EVIDENCE.md: OK
docs/FINAL_RUNTIME_RESULTS.json: OK
docs/FINAL_VERIFICATION.md: OK
docs/LANGUAGE_SUPPORT.md: OK
docs/NON_GOALS.md: OK
docs/OKF_PROFILE.md: OK
docs/ONTOLOGY_AND_GRAPH.md: OK
docs/PRODUCT_PLAN_CONFORMANCE.md: OK
docs/README.md: OK
docs/SDLC.md: OK
docs/STORAGE_FORMAT.md: OK
docs/TASK_HANDOFF.md: OK
docs/UNBOUNDED_INCREMENTAL_INGESTION.md: OK
docs/VALUEEDGE.md: OK
docs/evidence/README.md: OK
docs/evidence/SCREENSHOT_SHA256SUMS.txt: OK
docs/evidence/demo-state.json: OK
docs/evidence/logs/working-tree-verify.log: OK
docs/evidence/runtime-results.json: OK
docs/evidence/screenshots/01-home.png: OK
docs/evidence/screenshots/02-intelligence.png: OK
docs/evidence/screenshots/03-work.png: OK
docs/evidence/screenshots/04-activity.png: OK
docs/evidence/screenshots/05-vscode-webview.png: OK
docs/schema/keystone-okf-profile.json: OK
esbuild.config.mjs: OK
eslint.config.js: OK
package-lock.json: OK
package.json: OK
prettier.config.js: OK
scripts/build.mjs: OK
scripts/check-active-boundary.mjs: OK
scripts/clean.mjs: OK
scripts/evidence-browser.mjs: OK
scripts/format.mjs: OK
scripts/lint.mjs: OK
scripts/package-project.mjs: OK
scripts/package-vsix.mjs: OK
scripts/test.mjs: OK
scripts/typecheck.mjs: OK
scripts/verify-final.mjs: OK
scripts/verify-vsix.mjs: OK
src/core/application/applicationStore.ts: OK
src/core/context/IntentClassifier.ts: OK
src/core/context/compression/types.ts: OK
src/core/context/copilotCustomizations.ts: OK
src/core/context/intentContextBuilder.ts: OK
src/core/context/promptEnhancer.ts: OK
src/core/context/routing/intentRouter.ts: OK
src/core/context/routing/routingPolicy.ts: OK
src/core/context/tokenEstimator.ts: OK
src/core/domain/types.ts: OK
src/core/integration/valueedge/client.ts: OK
src/core/integration/valueedge/index.ts: OK
src/core/integration/valueedge/types.ts: OK
src/core/integration/webview/cockpitService.ts: OK
src/core/integration/webview/messageRouter.ts: OK
src/core/intelligence/analysis/analyzer.ts: OK
src/core/intelligence/analysis/index.ts: OK
src/core/intelligence/analysis/model.ts: OK
src/core/intelligence/cpg/index.ts: OK
src/core/intelligence/cpg/shardStore.ts: OK
src/core/intelligence/cpg/types.ts: OK
src/core/intelligence/cpg/typescriptCpgBuilder.ts: OK
src/core/intelligence/cpg/typescriptSemantic.ts: OK
src/core/intelligence/cpg/universalCpgBuilder.ts: OK
src/core/intelligence/graph/graphQuery.ts: OK
src/core/intelligence/graph/platformModel.ts: OK
src/core/intelligence/graph/types.ts: OK
src/core/intelligence/ingestion/fileScanner.ts: OK
src/core/intelligence/ingestion/intelligenceStore.ts: OK
src/core/intelligence/ingestion/modernizationCandidateDetector.ts: OK
src/core/intelligence/ingestion/performancePathDetector.ts: OK
src/core/intelligence/ingestion/repoIndexer.ts: OK
src/core/intelligence/ingestion/securityZoneDetector.ts: OK
src/core/intelligence/ingestion/serviceMapper.ts: OK
src/core/intelligence/ingestion/testMapper.ts: OK
src/core/intelligence/languages/languageAnalysis.ts: OK
src/core/intelligence/languages/languageRegistry.ts: OK
src/core/intelligence/languages/semanticEnrichment.ts: OK
src/core/intelligence/languages/structuralParser.ts: OK
src/core/intelligence/okf/bundle.ts: OK
src/core/intelligence/okf/fromRepoIntelligence.ts: OK
src/core/intelligence/okf/identity.ts: OK
src/core/intelligence/okf/profile.ts: OK
src/core/intelligence/okf/projections.ts: OK
src/core/intelligence/okf/serialization.ts: OK
src/core/intelligence/okf/store.ts: OK
src/core/intelligence/okf/types.ts: OK
src/core/intelligence/okf/validation.ts: OK
src/core/intelligence/pipeline/deadCode.ts: OK
src/core/intelligence/pipeline/derivedGraph.ts: OK
src/core/intelligence/pipeline/evolution.ts: OK
src/core/intelligence/pipeline/findings.ts: OK
src/core/intelligence/pipeline/health.ts: OK
src/core/intelligence/pipeline/incremental.ts: OK
src/core/intelligence/pipeline/index.ts: OK
src/core/intelligence/pipeline/pipeline.ts: OK
src/core/intelligence/pipeline/retrieval.ts: OK
src/core/intelligence/pipeline/runtime.ts: OK
src/core/intelligence/pipeline/types.ts: OK
src/core/intelligence/repository/model-builder.ts: OK
src/core/intelligence/repository/model.ts: OK
src/core/platform/config/defaults.ts: OK
src/core/platform/config/qualityConfig.ts: OK
src/core/platform/contracts/domain-model.ts: OK
src/core/platform/contracts/event-model.ts: OK
src/core/platform/events/EventBus.ts: OK
src/core/platform/git/gitReadOnly.ts: OK
src/core/platform/metrics/metricsStore.ts: OK
src/core/platform/storage/jsonStorage.ts: OK
src/core/platform/storage/types.ts: OK
src/core/workflow/agents/captainAgent.ts: OK
src/core/workflow/agents/modernizationAgent.ts: OK
src/core/workflow/agents/performanceAgent.ts: OK
src/core/workflow/agents/prEvidenceAgent.ts: OK
src/core/workflow/agents/qaAgent.ts: OK
src/core/workflow/agents/securityAgent.ts: OK
src/core/workflow/handoff/contracts.ts: OK
src/core/workflow/handoff/handoffSecurity.ts: OK
src/core/workflow/handoff/taskStatePackage.ts: OK
src/core/workflow/modernization/model.ts: OK
src/core/workflow/modernization/modernization-api.ts: OK
src/core/workflow/modernization/pattern-library.ts: OK
src/core/workflow/orchestration/model.ts: OK
src/core/workflow/orchestration/workflow-api.ts: OK
src/core/workflow/quality/cancellation.ts: OK
src/core/workflow/quality/coverageMapping.ts: OK
src/core/workflow/quality/failureRemediation.ts: OK
src/core/workflow/quality/flakyDetection.ts: OK
src/core/workflow/quality/generation.ts: OK
src/core/workflow/quality/impactedTests.ts: OK
src/core/workflow/quality/qaGapAnalysis.ts: OK
src/core/workflow/quality/quarantine.ts: OK
src/core/workflow/quality/riskScoring.ts: OK
src/core/workflow/quality/test-runtime/TestRunnerDetection.ts: OK
src/core/workflow/quality/test-runtime/types.ts: OK
src/core/workflow/quality/testDiscovery.ts: OK
src/core/workflow/quality/testExecution.ts: OK
src/core/workflow/sdlc/engine.ts: OK
src/core/workflow/sdlc/store.ts: OK
src/core/workflow/sdlc/types.ts: OK
src/core/workflow/tasks/taskWorkspaceManager.ts: OK
src/core/workflow/validation/validationCommands.ts: OK
src/core/workflow/validation/validationParser.ts: OK
src/core/workflow/validation/validationRunner.ts: OK
src/extension/browser-view/browserViewServer.ts: OK
src/extension/commands/indexCommands.ts: OK
src/extension/core/backgroundWorkerCoordinator.ts: OK
src/extension/core/extension.ts: OK
src/extension/core/qaService.ts: OK
src/extension/core/statusBar.ts: OK
src/extension/intelligence/vscodeLanguageServiceEnricher.ts: OK
src/extension/task-handoff/taskStateRestorer.ts: OK
src/extension/types/messageRouter.ts: OK
src/extension/ui/vscodeHtml.ts: OK
src/extension/ui/vscodeProvider.ts: OK
src/extension/workers/backgroundAnalysisWorker.ts: OK
src/types/vscode/index.d.ts: OK
src/webview/App.tsx: OK
src/webview/index.html: OK
src/webview/main.tsx: OK
src/webview/model.ts: OK
src/webview/react-globals.d.ts: OK
src/webview/theme.css: OK
src/webview/vscodeApi.ts: OK
tests/fixtures/extension-workspace-two/package.json: OK
tests/fixtures/extension-workspace-two/src/inventory.ts: OK
tests/fixtures/extension-workspace/.gitignore: OK
tests/fixtures/extension-workspace/package.json: OK
tests/fixtures/extension-workspace/src/orders.ts: OK
tests/fixtures/extension-workspace/test/orders.test.ts: OK
tests/fixtures/multi-root.code-workspace: OK
tests/integration/runTest.ts: OK
tests/integration/suite/index.ts: OK
tests/support/testkit.ts: OK
tests/unit/core/application/applicationStore.test.ts: OK
tests/unit/core/cpg/shardStore.test.ts: OK
tests/unit/core/cpg/typescriptCpgBuilder.test.ts: OK
tests/unit/core/cpg/typescriptSemantic.test.ts: OK
tests/unit/core/intelligence-pipeline/deadCode.test.ts: OK
tests/unit/core/intelligence-pipeline/derivedGraph.test.ts: OK
tests/unit/core/intelligence-pipeline/evolution.test.ts: OK
tests/unit/core/intelligence-pipeline/findings.test.ts: OK
tests/unit/core/intelligence-pipeline/health.test.ts: OK
tests/unit/core/intelligence-pipeline/incremental.test.ts: OK
tests/unit/core/intelligence-pipeline/intelligencePipeline.test.ts: OK
tests/unit/core/intelligence-pipeline/retrieval.test.ts: OK
tests/unit/core/intelligence-pipeline/runtime.test.ts: OK
tests/unit/core/intelligence/intelligenceHeuristics.test.ts: OK
tests/unit/core/languages/languageConformance.test.ts: OK
tests/unit/core/languages/languageRegistry.test.ts: OK
tests/unit/core/languages/languageSemanticEnrichment.test.ts: OK
tests/unit/core/okf/okfIntegration.test.ts: OK
tests/unit/core/qa-intelligence/coverageMapping.test.ts: OK
tests/unit/core/qa-intelligence/failureRemediation.test.ts: OK
tests/unit/core/qa-intelligence/riskScoring.test.ts: OK
tests/unit/core/sdlc/engine.test.ts: OK
tests/unit/core/taskWorkspaceManager.test.ts: OK
tests/unit/core/validation/validationParser.test.ts: OK
tests/unit/core/validation/validationRunner.test.ts: OK
tests/unit/core/valueedge/client.test.ts: OK
tests/unit/extension/browser-view/browserViewServer.test.ts: OK
tests/unit/task-handoff/restorer.test.ts: OK
tests/unit/task-handoff/security.test.ts: OK
tests/unit/task-handoff/taskStatePackage.test.ts: OK
tsconfig.eslint.json: OK
tsconfig.extension-test.json: OK
tsconfig.json: OK
tsconfig.webview.json: OK
vendor/react-umd/LICENSE: OK
vendor/react-umd/package.json: OK
vendor/react-umd/react-dom.production.min.js: OK
vendor/react-umd/react.production.min.js: OK
vendor/types-node/LICENSE: OK
vendor/types-node/README.md: OK
vendor/types-node/assert.d.ts: OK
vendor/types-node/assert/strict.d.ts: OK
vendor/types-node/async_hooks.d.ts: OK
vendor/types-node/buffer.buffer.d.ts: OK
vendor/types-node/buffer.d.ts: OK
vendor/types-node/child_process.d.ts: OK
vendor/types-node/cluster.d.ts: OK
vendor/types-node/compatibility/iterators.d.ts: OK
vendor/types-node/console.d.ts: OK
vendor/types-node/constants.d.ts: OK
vendor/types-node/crypto.d.ts: OK
vendor/types-node/dgram.d.ts: OK
vendor/types-node/diagnostics_channel.d.ts: OK
vendor/types-node/dns.d.ts: OK
vendor/types-node/dns/promises.d.ts: OK
vendor/types-node/domain.d.ts: OK
vendor/types-node/events.d.ts: OK
vendor/types-node/fs.d.ts: OK
vendor/types-node/fs/promises.d.ts: OK
vendor/types-node/globals.d.ts: OK
vendor/types-node/globals.typedarray.d.ts: OK
vendor/types-node/http.d.ts: OK
vendor/types-node/http2.d.ts: OK
vendor/types-node/https.d.ts: OK
vendor/types-node/index.d.ts: OK
vendor/types-node/inspector.d.ts: OK
vendor/types-node/inspector.generated.d.ts: OK
vendor/types-node/inspector/promises.d.ts: OK
vendor/types-node/module.d.ts: OK
vendor/types-node/net.d.ts: OK
vendor/types-node/os.d.ts: OK
vendor/types-node/package.json: OK
vendor/types-node/path.d.ts: OK
vendor/types-node/path/posix.d.ts: OK
vendor/types-node/path/win32.d.ts: OK
vendor/types-node/perf_hooks.d.ts: OK
vendor/types-node/process.d.ts: OK
vendor/types-node/punycode.d.ts: OK
vendor/types-node/querystring.d.ts: OK
vendor/types-node/quic.d.ts: OK
vendor/types-node/readline.d.ts: OK
vendor/types-node/readline/promises.d.ts: OK
vendor/types-node/repl.d.ts: OK
vendor/types-node/sea.d.ts: OK
vendor/types-node/sqlite.d.ts: OK
vendor/types-node/stream.d.ts: OK
vendor/types-node/stream/consumers.d.ts: OK
vendor/types-node/stream/promises.d.ts: OK
vendor/types-node/stream/web.d.ts: OK
vendor/types-node/string_decoder.d.ts: OK
vendor/types-node/test.d.ts: OK
vendor/types-node/test/reporters.d.ts: OK
vendor/types-node/timers.d.ts: OK
vendor/types-node/timers/promises.d.ts: OK
vendor/types-node/tls.d.ts: OK
vendor/types-node/trace_events.d.ts: OK
vendor/types-node/ts5.6/buffer.buffer.d.ts: OK
vendor/types-node/ts5.6/compatibility/float16array.d.ts: OK
vendor/types-node/ts5.6/globals.typedarray.d.ts: OK
vendor/types-node/ts5.6/index.d.ts: OK
vendor/types-node/ts5.7/compatibility/float16array.d.ts: OK
vendor/types-node/ts5.7/index.d.ts: OK
vendor/types-node/tty.d.ts: OK
vendor/types-node/url.d.ts: OK
vendor/types-node/util.d.ts: OK
vendor/types-node/util/types.d.ts: OK
vendor/types-node/v8.d.ts: OK
vendor/types-node/vm.d.ts: OK
vendor/types-node/wasi.d.ts: OK
vendor/types-node/web-globals/abortcontroller.d.ts: OK
vendor/types-node/web-globals/blob.d.ts: OK
vendor/types-node/web-globals/console.d.ts: OK
vendor/types-node/web-globals/crypto.d.ts: OK
vendor/types-node/web-globals/domexception.d.ts: OK
vendor/types-node/web-globals/encoding.d.ts: OK
vendor/types-node/web-globals/events.d.ts: OK
vendor/types-node/web-globals/fetch.d.ts: OK
vendor/types-node/web-globals/importmeta.d.ts: OK
vendor/types-node/web-globals/messaging.d.ts: OK
vendor/types-node/web-globals/navigator.d.ts: OK
vendor/types-node/web-globals/performance.d.ts: OK
vendor/types-node/web-globals/storage.d.ts: OK
vendor/types-node/web-globals/streams.d.ts: OK
vendor/types-node/web-globals/timers.d.ts: OK
vendor/types-node/web-globals/url.d.ts: OK
vendor/types-node/worker_threads.d.ts: OK
vendor/types-node/zlib.d.ts: OK
vendor/typescript/LICENSE.txt: OK
vendor/typescript/README.md: OK
vendor/typescript/SECURITY.md: OK
vendor/typescript/ThirdPartyNoticeText.txt: OK
vendor/typescript/bin/tsc: OK
vendor/typescript/bin/tsserver: OK
vendor/typescript/lib/_tsc.js: OK
vendor/typescript/lib/_tsserver.js: OK
vendor/typescript/lib/_typingsInstaller.js: OK
vendor/typescript/lib/cs/diagnosticMessages.generated.json: OK
vendor/typescript/lib/de/diagnosticMessages.generated.json: OK
vendor/typescript/lib/es/diagnosticMessages.generated.json: OK
vendor/typescript/lib/fr/diagnosticMessages.generated.json: OK
vendor/typescript/lib/it/diagnosticMessages.generated.json: OK
vendor/typescript/lib/ja/diagnosticMessages.generated.json: OK
vendor/typescript/lib/ko/diagnosticMessages.generated.json: OK
vendor/typescript/lib/lib.d.ts: OK
vendor/typescript/lib/lib.decorators.d.ts: OK
vendor/typescript/lib/lib.decorators.legacy.d.ts: OK
vendor/typescript/lib/lib.dom.asynciterable.d.ts: OK
vendor/typescript/lib/lib.dom.d.ts: OK
vendor/typescript/lib/lib.dom.iterable.d.ts: OK
vendor/typescript/lib/lib.es2015.collection.d.ts: OK
vendor/typescript/lib/lib.es2015.core.d.ts: OK
vendor/typescript/lib/lib.es2015.d.ts: OK
vendor/typescript/lib/lib.es2015.generator.d.ts: OK
vendor/typescript/lib/lib.es2015.iterable.d.ts: OK
vendor/typescript/lib/lib.es2015.promise.d.ts: OK
vendor/typescript/lib/lib.es2015.proxy.d.ts: OK
vendor/typescript/lib/lib.es2015.reflect.d.ts: OK
vendor/typescript/lib/lib.es2015.symbol.d.ts: OK
vendor/typescript/lib/lib.es2015.symbol.wellknown.d.ts: OK
vendor/typescript/lib/lib.es2016.array.include.d.ts: OK
vendor/typescript/lib/lib.es2016.d.ts: OK
vendor/typescript/lib/lib.es2016.full.d.ts: OK
vendor/typescript/lib/lib.es2016.intl.d.ts: OK
vendor/typescript/lib/lib.es2017.arraybuffer.d.ts: OK
vendor/typescript/lib/lib.es2017.d.ts: OK
vendor/typescript/lib/lib.es2017.date.d.ts: OK
vendor/typescript/lib/lib.es2017.full.d.ts: OK
vendor/typescript/lib/lib.es2017.intl.d.ts: OK
vendor/typescript/lib/lib.es2017.object.d.ts: OK
vendor/typescript/lib/lib.es2017.sharedmemory.d.ts: OK
vendor/typescript/lib/lib.es2017.string.d.ts: OK
vendor/typescript/lib/lib.es2017.typedarrays.d.ts: OK
vendor/typescript/lib/lib.es2018.asyncgenerator.d.ts: OK
vendor/typescript/lib/lib.es2018.asynciterable.d.ts: OK
vendor/typescript/lib/lib.es2018.d.ts: OK
vendor/typescript/lib/lib.es2018.full.d.ts: OK
vendor/typescript/lib/lib.es2018.intl.d.ts: OK
vendor/typescript/lib/lib.es2018.promise.d.ts: OK
vendor/typescript/lib/lib.es2018.regexp.d.ts: OK
vendor/typescript/lib/lib.es2019.array.d.ts: OK
vendor/typescript/lib/lib.es2019.d.ts: OK
vendor/typescript/lib/lib.es2019.full.d.ts: OK
vendor/typescript/lib/lib.es2019.intl.d.ts: OK
vendor/typescript/lib/lib.es2019.object.d.ts: OK
vendor/typescript/lib/lib.es2019.string.d.ts: OK
vendor/typescript/lib/lib.es2019.symbol.d.ts: OK
vendor/typescript/lib/lib.es2020.bigint.d.ts: OK
vendor/typescript/lib/lib.es2020.d.ts: OK
vendor/typescript/lib/lib.es2020.date.d.ts: OK
vendor/typescript/lib/lib.es2020.full.d.ts: OK
vendor/typescript/lib/lib.es2020.intl.d.ts: OK
vendor/typescript/lib/lib.es2020.number.d.ts: OK
vendor/typescript/lib/lib.es2020.promise.d.ts: OK
vendor/typescript/lib/lib.es2020.sharedmemory.d.ts: OK
vendor/typescript/lib/lib.es2020.string.d.ts: OK
vendor/typescript/lib/lib.es2020.symbol.wellknown.d.ts: OK
vendor/typescript/lib/lib.es2021.d.ts: OK
vendor/typescript/lib/lib.es2021.full.d.ts: OK
vendor/typescript/lib/lib.es2021.intl.d.ts: OK
vendor/typescript/lib/lib.es2021.promise.d.ts: OK
vendor/typescript/lib/lib.es2021.string.d.ts: OK
vendor/typescript/lib/lib.es2021.weakref.d.ts: OK
vendor/typescript/lib/lib.es2022.array.d.ts: OK
vendor/typescript/lib/lib.es2022.d.ts: OK
vendor/typescript/lib/lib.es2022.error.d.ts: OK
vendor/typescript/lib/lib.es2022.full.d.ts: OK
vendor/typescript/lib/lib.es2022.intl.d.ts: OK
vendor/typescript/lib/lib.es2022.object.d.ts: OK
vendor/typescript/lib/lib.es2022.regexp.d.ts: OK
vendor/typescript/lib/lib.es2022.string.d.ts: OK
vendor/typescript/lib/lib.es2023.array.d.ts: OK
vendor/typescript/lib/lib.es2023.collection.d.ts: OK
vendor/typescript/lib/lib.es2023.d.ts: OK
vendor/typescript/lib/lib.es2023.full.d.ts: OK
vendor/typescript/lib/lib.es2023.intl.d.ts: OK
vendor/typescript/lib/lib.es2024.arraybuffer.d.ts: OK
vendor/typescript/lib/lib.es2024.collection.d.ts: OK
vendor/typescript/lib/lib.es2024.d.ts: OK
vendor/typescript/lib/lib.es2024.full.d.ts: OK
vendor/typescript/lib/lib.es2024.object.d.ts: OK
vendor/typescript/lib/lib.es2024.promise.d.ts: OK
vendor/typescript/lib/lib.es2024.regexp.d.ts: OK
vendor/typescript/lib/lib.es2024.sharedmemory.d.ts: OK
vendor/typescript/lib/lib.es2024.string.d.ts: OK
vendor/typescript/lib/lib.es5.d.ts: OK
vendor/typescript/lib/lib.es6.d.ts: OK
vendor/typescript/lib/lib.esnext.array.d.ts: OK
vendor/typescript/lib/lib.esnext.collection.d.ts: OK
vendor/typescript/lib/lib.esnext.d.ts: OK
vendor/typescript/lib/lib.esnext.decorators.d.ts: OK
vendor/typescript/lib/lib.esnext.disposable.d.ts: OK
vendor/typescript/lib/lib.esnext.float16.d.ts: OK
vendor/typescript/lib/lib.esnext.full.d.ts: OK
vendor/typescript/lib/lib.esnext.intl.d.ts: OK
vendor/typescript/lib/lib.esnext.iterator.d.ts: OK
vendor/typescript/lib/lib.esnext.promise.d.ts: OK
vendor/typescript/lib/lib.scripthost.d.ts: OK
vendor/typescript/lib/lib.webworker.asynciterable.d.ts: OK
vendor/typescript/lib/lib.webworker.d.ts: OK
vendor/typescript/lib/lib.webworker.importscripts.d.ts: OK
vendor/typescript/lib/lib.webworker.iterable.d.ts: OK
vendor/typescript/lib/pl/diagnosticMessages.generated.json: OK
vendor/typescript/lib/pt-br/diagnosticMessages.generated.json: OK
vendor/typescript/lib/ru/diagnosticMessages.generated.json: OK
vendor/typescript/lib/tr/diagnosticMessages.generated.json: OK
vendor/typescript/lib/tsc.js: OK
vendor/typescript/lib/tsserver.js: OK
vendor/typescript/lib/tsserverlibrary.d.ts: OK
vendor/typescript/lib/tsserverlibrary.js: OK
vendor/typescript/lib/typesMap.json: OK
vendor/typescript/lib/typescript.d.ts: OK
vendor/typescript/lib/typescript.js: OK
vendor/typescript/lib/typingsInstaller.js: OK
vendor/typescript/lib/watchGuard.js: OK
vendor/typescript/lib/zh-cn/diagnosticMessages.generated.json: OK
vendor/typescript/lib/zh-tw/diagnosticMessages.generated.json: OK
vendor/typescript/package.json: OK
vendor/undici-types/LICENSE: OK
vendor/undici-types/README.md: OK
vendor/undici-types/agent.d.ts: OK
vendor/undici-types/api.d.ts: OK
vendor/undici-types/balanced-pool.d.ts: OK
vendor/undici-types/cache-interceptor.d.ts: OK
vendor/undici-types/cache.d.ts: OK
vendor/undici-types/client-stats.d.ts: OK
vendor/undici-types/client.d.ts: OK
vendor/undici-types/connector.d.ts: OK
vendor/undici-types/content-type.d.ts: OK
vendor/undici-types/cookies.d.ts: OK
vendor/undici-types/diagnostics-channel.d.ts: OK
vendor/undici-types/dispatcher.d.ts: OK
vendor/undici-types/env-http-proxy-agent.d.ts: OK
vendor/undici-types/errors.d.ts: OK
vendor/undici-types/eventsource.d.ts: OK
vendor/undici-types/fetch.d.ts: OK
vendor/undici-types/formdata.d.ts: OK
vendor/undici-types/global-dispatcher.d.ts: OK
vendor/undici-types/global-origin.d.ts: OK
vendor/undici-types/h2c-client.d.ts: OK
vendor/undici-types/handlers.d.ts: OK
vendor/undici-types/header.d.ts: OK
vendor/undici-types/index.d.ts: OK
vendor/undici-types/interceptors.d.ts: OK
vendor/undici-types/mock-agent.d.ts: OK
vendor/undici-types/mock-call-history.d.ts: OK
vendor/undici-types/mock-client.d.ts: OK
vendor/undici-types/mock-errors.d.ts: OK
vendor/undici-types/mock-interceptor.d.ts: OK
vendor/undici-types/mock-pool.d.ts: OK
vendor/undici-types/package.json: OK
vendor/undici-types/patch.d.ts: OK
vendor/undici-types/pool-stats.d.ts: OK
vendor/undici-types/pool.d.ts: OK
vendor/undici-types/proxy-agent.d.ts: OK
vendor/undici-types/readable.d.ts: OK
vendor/undici-types/retry-agent.d.ts: OK
vendor/undici-types/retry-handler.d.ts: OK
vendor/undici-types/snapshot-agent.d.ts: OK
vendor/undici-types/util.d.ts: OK
vendor/undici-types/utility.d.ts: OK
vendor/undici-types/webidl.d.ts: OK
vendor/undici-types/websocket.d.ts: OK
vite.config.ts: OK
vitest.config.ts: OK
