
> keystone@1.0.0 verify
> npm run verify:structure && npm run typecheck && npm run lint && npm run test && npm run verify:runtime && npm run build && npm run package && npm run verify:package


> keystone@1.0.0 verify:structure
> node scripts/check-active-boundary.mjs

Active boundary verified: 120 reachable monolithic source files, npm lockfile present, no legacy engines, no arbitrary ingestion caps, and Git remains read-only.

> keystone@1.0.0 typecheck
> node scripts/typecheck.mjs

tsconfig.json: 116 files, 0 diagnostic(s).
tsconfig.webview.json: 5 files, 0 diagnostic(s).

> keystone@1.0.0 lint
> node scripts/lint.mjs

Linted 122 active source file(s).

> keystone@1.0.0 test
> node scripts/test.mjs

▶ ApplicationStore
  ✔ versions and broadcasts shared state (1.592761ms)
✔ ApplicationStore (2.509967ms)
▶ CpgShardStore
  ✔ writes compressed shards atomically, reuses unchanged content, and removes stale shards (34.284215ms)
✔ CpgShardStore (35.048033ms)
▶ buildTypeScriptCpg
  ✔ builds stable AST and evaluation-order layers with honest capabilities (15.154237ms)
  ✔ adds control dependence for conditional branches (1.3833ms)
  ✔ selects JavaScript language and JSX parsing from the extension (1.541425ms)
✔ buildTypeScriptCpg (18.991402ms)
▶ analyzeTypeScriptProject
  ✔ uses tsconfig aliases and the type checker to bind calls to declarations (855.014533ms)
✔ analyzeTypeScriptProject (855.915053ms)
▶ analyzeDeadCode
  ✔ reports only unexported, unreferenced symbols and preserves confidence (2.314116ms)
✔ analyzeDeadCode (3.295247ms)
▶ analyzeRepositoryGraph
  ✔ detects hubs, cycles, orphans, and reverse transitive impact (8.001545ms)
✔ analyzeRepositoryGraph (8.666566ms)
▶ buildRepositoryEvolution
  ✔ degrades safely outside a git repository while preserving temporal change counts (9.234392ms)
✔ buildRepositoryEvolution (10.096866ms)
▶ buildIntelligenceFindings
  ✔ normalizes graph and analyzer evidence with stable IDs (8.67557ms)
✔ buildIntelligenceFindings (9.328061ms)
▶ evaluateIntelligenceHealth
  ✔ reports degraded health for incomplete discovery and unresolved evidence (1.159436ms)
✔ evaluateIntelligenceHealth (1.841743ms)
▶ planIncrementalUpdate
  ✔ distinguishes unchanged, implementation, structural, added, and deleted files (10.963236ms)
  ✔ skips an identical repository and chooses file-local work for implementation changes (0.360777ms)
  ✔ uses architecture and full rebuild thresholds (1.687884ms)
✔ planIncrementalUpdate (14.149872ms)
▶ repository intelligence pipeline
  ✔ executes all stages in canonical order and summarizes active families (1138.987747ms)
  ✔ classifies an unchanged persisted repository for incremental skipping (1326.885149ms)
  ✔ updates canonical cognitive knowledge without accumulating stale run entities (1011.156375ms)
  ✔ does not write index artifacts when persistence is disabled (356.93699ms)
  ✔ honors cancellation before ordered stage execution (1.357752ms)
✔ repository intelligence pipeline (3836.351752ms)
▶ retrieveRepositoryIntelligence
  ✔ combines lexical matches with graph neighbors (7.647047ms)
  ✔ uses optional semantic scores and degrades safely on failure (1.625241ms)
✔ retrieveRepositoryIntelligence (10.137647ms)
▶ runtime verification and remediation gate
  ✔ correlates runtime evidence and allows only bounded, validated, approved remediation (12.485924ms)
  ✔ degrades safely without runtime evidence or validation (7.200713ms)
✔ runtime verification and remediation gate (20.468541ms)
▶ repository intelligence heuristics
  ✔ does not classify ordinary language substrings as security or performance risks (2.105906ms)
  ✔ retains specific security and performance evidence (0.931066ms)
  ✔ does not emit control-flow keywords as method symbols (6.059463ms)
  ✔ represents repeated imports of the same target as one graph edge (1.424301ms)
✔ repository intelligence heuristics (11.44961ms)
▶ language adapter conformance
  ✔ executes every declared language and artifact frontend (27.415497ms)
  ✔ indexes every registered category plus an unknown text language through OKF and CPG end to end (1722.318772ms)
✔ language adapter conformance (1750.74229ms)
▶ LanguageCapabilityRegistry
  ✔ identifies broad language coverage (1.167238ms)
✔ LanguageCapabilityRegistry (1.8196ms)
▶ language semantic enrichment
  ✔ merges installed language-service semantics without replacing deterministic evidence (13.523509ms)
  ✔ indexes unknown text extensions through the universal frontend (5.415044ms)
  ✔ reuses unchanged semantic intelligence and enriches only changed files incrementally (115.968266ms)
✔ language semantic enrichment (136.212663ms)
▶ authoritative OKF intelligence
  ✔ produces every profile family, validates it, links projections, and retains deletion lifecycle (2029.472321ms)
✔ authoritative OKF intelligence (2030.308176ms)
▶ CoverageIndexManager
  ✔ should start with no index (2.474354ms)
  ✔ should update the index (0.49674ms)
  ✔ should get tests for a file (0.318163ms)
  ✔ should get tests for a line (0.418593ms)
  ✔ should get affected tests from changed files (git diff inversion) (0.70482ms)
  ✔ should return empty for unchanged files (0.34933ms)
  ✔ should clear the index (0.227408ms)
  ✔ should detect staleness after threshold (0.211155ms)
✔ CoverageIndexManager (6.476205ms)
▶ CoverageAdapter
  ✔ should create vitest adapter (0.310432ms)
  ✔ should create jest adapter (0.164324ms)
  ✔ should throw for unsupported framework (0.193428ms)
✔ CoverageAdapter (0.862445ms)
▶ VitestAdapter.parseCoverage
  ✔ should parse vitest V8 coverage format (2.223471ms)
  ✔ should return empty array for invalid JSON (0.105087ms)
  ✔ should return empty array when no coverage map found (0.074722ms)
✔ VitestAdapter.parseCoverage (2.497319ms)
▶ JestAdapter.parseCoverage
  ✔ should parse jest coverage format (0.216543ms)
  ✔ should return empty array for invalid JSON (0.086909ms)
✔ JestAdapter.parseCoverage (0.359446ms)
▶ failure remediation planning
  ✔ creates an approval-gated plan without applying or weakening tests (1.547274ms)
✔ failure remediation planning (2.509848ms)
▶ Risk Scoring
  ✔ should compute risk scores for files (4.989711ms)
  ✔ should classify risk tiers correctly (0.394297ms)
  ✔ should identify risk factors (6.576814ms)
  ✔ should get files by tier (0.227709ms)
  ✔ should get high risk files (0.278545ms)
  ✔ should sort files by risk score (0.215131ms)
  ✔ should handle files with no risk (1.975572ms)
  ✔ should handle files with maximum risk (0.192487ms)
✔ Risk Scoring (16.101888ms)
▶ SDLCEngine
  ✔ unlocks specification and design through evidence-backed approvals (2.583036ms)
  ✔ creates presentable R&D documentation and small user/quality stories before execution (1.081711ms)
  ✔ executes the complete 16-story intent-led SDLC with approvals, delegation, validation, findings, and read-only PR review (2.373054ms)
  ✔ blocks completion when criteria, validation, blockers, or severe findings are unresolved (1.636547ms)
✔ SDLCEngine (8.640397ms)
▶ TaskWorkspaceManager
  ✔ creates incrementing task folders, updates progress, and archives before deletion (21.584032ms)
  ✔ copies task artifacts for handoff and reconstructs received packages (26.29639ms)
  ✔ recovers the latest task, binds delegation, preserves status metadata, and archives cancellation truthfully (14.160788ms)
  ✔ materializes an accepted modernization plan into the same numbered lifecycle (6.381724ms)
  ✔ materializes a verified handoff as an idempotent active task workspace (7.448281ms)
✔ TaskWorkspaceManager (77.149439ms)
▶ parseValidationOutput
  ✔ extracts vitest-style passed test counts (2.918185ms)
  ✔ extracts errors from stderr (3.289809ms)
  ✔ extracts jest-style suite, test, and snapshot counts (0.393055ms)
  ✔ extracts pytest summary counts (0.645551ms)
  ✔ extracts Go test package and test counts (0.246887ms)
  ✔ extracts cargo test result counts (0.244054ms)
  ✔ extracts Maven Surefire counts (0.310623ms)
  ✔ extracts ESLint and TypeScript compiler counts (0.336691ms)
✔ parseValidationOutput (9.980983ms)
▶ runValidationCommand
  ✔ returns passed for zero exit code (2.185294ms)
  ✔ returns failed for non-zero exit code (1.761383ms)
✔ runValidationCommand (4.760509ms)
▶ ValueEdgeClient
  ✔ imports a feature and publishes approved draft user and quality stories without persisting a secret (36.086164ms)
✔ ValueEdgeClient (36.776091ms)
▶ Browser View server
  ✔ uses a one-time bootstrap and an HttpOnly same-origin session (76.891605ms)
  ✔ sends current and subsequent shared state to reconnecting clients (4019.632419ms)
✔ Browser View server (4100.845519ms)
▶ task-state restorer
  ✔ warns but does not block repository mismatch (0.677299ms)
  ✔ contains no Git execution primitive (0.225716ms)
  ✔ requires the exact manual confirmation before metadata restore (0.464512ms)
✔ task-state restorer (2.232494ms)
▶ session security
  ✔ redacts credentials without returning their value (1.378833ms)
  ✔ encrypts handoffs and rejects an incorrect passphrase (128.205349ms)
  ✔ requires a sufficiently long creation passphrase (0.382489ms)
✔ session security (130.862356ms)
▶ task-state package
  ✔ creates a deterministic integrity-protected package (4.710304ms)
  ✔ rejects malformed and unknown package fields before restoration (1.124184ms)
  ✔ round-trips an encrypted portable package (93.517819ms)
✔ task-state package (100.619925ms)
ℹ tests 90
ℹ suites 33
ℹ pass 90
ℹ fail 0
ℹ cancelled 0
ℹ skipped 0
ℹ todo 0
ℹ duration_ms 7395.332212

> keystone@1.0.0 verify:runtime
> node scripts/verify-final.mjs

{
  "verifiedAt": "2026-07-31T18:07:10.915Z",
  "registeredLanguageAndArtifactCategories": 43,
  "languageConformance": [
    {
      "id": "typescript",
      "label": "TypeScript",
      "frontend": "typescript-compiler",
      "parser": "typescript",
      "conformance": "compiler-backed",
      "baseline": "compiler",
      "capabilities": {
        "parsing": "deep",
        "symbols": "deep",
        "imports": "deep",
        "calls": "deep",
        "controlFlow": "semantic",
        "dataFlow": "semantic",
        "cpg": "deep",
        "tests": "semantic"
      },
      "fixture": "userService.ts",
      "okf": true,
      "cpg": true
    },
    {
      "id": "javascript",
      "label": "JavaScript",
      "frontend": "typescript-compiler",
      "parser": "typescript",
      "conformance": "compiler-backed",
      "baseline": "compiler",
      "capabilities": {
        "parsing": "deep",
        "symbols": "deep",
        "imports": "deep",
        "calls": "deep",
        "controlFlow": "semantic",
        "dataFlow": "semantic",
        "cpg": "deep",
        "tests": "semantic"
      },
      "fixture": "sample.test.js",
      "okf": true,
      "cpg": true
    },
    {
      "id": "python",
      "label": "Python",
      "frontend": "indent-grammar",
      "parser": "deterministic-adapter",
      "conformance": "deterministic-grammar",
      "baseline": "deterministic-structural",
      "capabilities": {
        "parsing": "structural",
        "symbols": "structural",
        "imports": "structural",
        "calls": "structural",
        "controlFlow": "structural",
        "dataFlow": "universal",
        "cpg": "structural",
        "tests": "structural"
      },
      "fixture": "sample.py",
      "okf": true,
      "cpg": true
    },
    {
      "id": "java",
      "label": "Java",
      "frontend": "brace-grammar",
      "parser": "deterministic-adapter",
      "conformance": "deterministic-grammar",
      "baseline": "deterministic-structural",
      "capabilities": {
        "parsing": "structural",
        "symbols": "structural",
        "imports": "structural",
        "calls": "structural",
        "controlFlow": "structural",
        "dataFlow": "universal",
        "cpg": "structural",
        "tests": "structural"
      },
      "fixture": "Sample.java",
      "okf": true,
      "cpg": true
    },
    {
      "id": "csharp",
      "label": "C#",
      "frontend": "brace-grammar",
      "parser": "deterministic-adapter",
      "conformance": "deterministic-grammar",
      "baseline": "deterministic-structural",
      "capabilities": {
        "parsing": "structural",
        "symbols": "structural",
        "imports": "structural",
        "calls": "structural",
        "controlFlow": "structural",
        "dataFlow": "universal",
        "cpg": "structural",
        "tests": "structural"
      },
      "fixture": "Sample.cs",
      "okf": true,
      "cpg": true
    },
    {
      "id": "go",
      "label": "Go",
      "frontend": "brace-grammar",
      "parser": "deterministic-adapter",
      "conformance": "deterministic-grammar",
      "baseline": "deterministic-structural",
      "capabilities": {
        "parsing": "structural",
        "symbols": "structural",
        "imports": "structural",
        "calls": "structural",
        "controlFlow": "structural",
        "dataFlow": "universal",
        "cpg": "structural",
        "tests": "structural"
      },
      "fixture": "sample.go",
      "okf": true,
      "cpg": true
    },
    {
      "id": "rust",
      "label": "Rust",
      "frontend": "brace-grammar",
      "parser": "deterministic-adapter",
      "conformance": "deterministic-grammar",
      "baseline": "deterministic-structural",
      "capabilities": {
        "parsing": "structural",
        "symbols": "structural",
        "imports": "structural",
        "calls": "structural",
        "controlFlow": "structural",
        "dataFlow": "universal",
        "cpg": "structural",
        "tests": "structural"
      },
      "fixture": "sample.rs",
      "okf": true,
      "cpg": true
    },
    {
      "id": "kotlin",
      "label": "Kotlin",
      "frontend": "brace-grammar",
      "parser": "deterministic-adapter",
      "conformance": "deterministic-grammar",
      "baseline": "deterministic-structural",
      "capabilities": {
        "parsing": "structural",
        "symbols": "structural",
        "imports": "structural",
        "calls": "structural",
        "controlFlow": "structural",
        "dataFlow": "universal",
        "cpg": "structural",
        "tests": "structural"
      },
      "fixture": "Sample.kt",
      "okf": true,
      "cpg": true
    },
    {
      "id": "c",
      "label": "C",
      "frontend": "brace-grammar",
      "parser": "deterministic-adapter",
      "conformance": "deterministic-grammar",
      "baseline": "deterministic-structural",
      "capabilities": {
        "parsing": "structural",
        "symbols": "structural",
        "imports": "structural",
        "calls": "structural",
        "controlFlow": "structural",
        "dataFlow": "universal",
        "cpg": "structural",
        "tests": "structural"
      },
      "fixture": "sample.c",
      "okf": true,
      "cpg": true
    },
    {
      "id": "cpp",
      "label": "C++",
      "frontend": "brace-grammar",
      "parser": "deterministic-adapter",
      "conformance": "deterministic-grammar",
      "baseline": "deterministic-structural",
      "capabilities": {
        "parsing": "structural",
        "symbols": "structural",
        "imports": "structural",
        "calls": "structural",
        "controlFlow": "structural",
        "dataFlow": "universal",
        "cpg": "structural",
        "tests": "structural"
      },
      "fixture": "sample.cpp",
      "okf": true,
      "cpg": true
    },
    {
      "id": "php",
      "label": "PHP",
      "frontend": "brace-grammar",
      "parser": "deterministic-adapter",
      "conformance": "deterministic-grammar",
      "baseline": "deterministic-structural",
      "capabilities": {
        "parsing": "structural",
        "symbols": "structural",
        "imports": "structural",
        "calls": "structural",
        "controlFlow": "structural",
        "dataFlow": "universal",
        "cpg": "structural",
        "tests": "structural"
      },
      "fixture": "sample.php",
      "okf": true,
      "cpg": true
    },
    {
      "id": "ruby",
      "label": "Ruby",
      "frontend": "indent-grammar",
      "parser": "deterministic-adapter",
      "conformance": "deterministic-grammar",
      "baseline": "deterministic-structural",
      "capabilities": {
        "parsing": "structural",
        "symbols": "structural",
        "imports": "structural",
        "calls": "structural",
        "controlFlow": "structural",
        "dataFlow": "universal",
        "cpg": "structural",
        "tests": "structural"
      },
      "fixture": "sample.rb",
      "okf": true,
      "cpg": true
    },
    {
      "id": "swift",
      "label": "Swift",
      "frontend": "brace-grammar",
      "parser": "deterministic-adapter",
      "conformance": "deterministic-grammar",
      "baseline": "deterministic-structural",
      "capabilities": {
        "parsing": "structural",
        "symbols": "structural",
        "imports": "structural",
        "calls": "structural",
        "controlFlow": "structural",
        "dataFlow": "universal",
        "cpg": "structural",
        "tests": "structural"
      },
      "fixture": "Sample.swift",
      "okf": true,
      "cpg": true
    },
    {
      "id": "scala",
      "label": "Scala",
      "frontend": "brace-grammar",
      "parser": "deterministic-adapter",
      "conformance": "deterministic-grammar",
      "baseline": "deterministic-structural",
      "capabilities": {
        "parsing": "structural",
        "symbols": "structural",
        "imports": "structural",
        "calls": "structural",
        "controlFlow": "structural",
        "dataFlow": "universal",
        "cpg": "structural",
        "tests": "structural"
      },
      "fixture": "Sample.scala",
      "okf": true,
      "cpg": true
    },
    {
      "id": "dart",
      "label": "Dart",
      "frontend": "brace-grammar",
      "parser": "deterministic-adapter",
      "conformance": "deterministic-grammar",
      "baseline": "deterministic-structural",
      "capabilities": {
        "parsing": "structural",
        "symbols": "structural",
        "imports": "structural",
        "calls": "structural",
        "controlFlow": "structural",
        "dataFlow": "universal",
        "cpg": "structural",
        "tests": "structural"
      },
      "fixture": "sample.dart",
      "okf": true,
      "cpg": true
    },
    {
      "id": "objective-c",
      "label": "Objective-C",
      "frontend": "brace-grammar",
      "parser": "deterministic-adapter",
      "conformance": "deterministic-grammar",
      "baseline": "deterministic-structural",
      "capabilities": {
        "parsing": "structural",
        "symbols": "structural",
        "imports": "structural",
        "calls": "structural",
        "controlFlow": "structural",
        "dataFlow": "universal",
        "cpg": "structural",
        "tests": "structural"
      },
      "fixture": "Sample.m",
      "okf": true,
      "cpg": true
    },
    {
      "id": "lua",
      "label": "Lua",
      "frontend": "indent-grammar",
      "parser": "deterministic-adapter",
      "conformance": "deterministic-grammar",
      "baseline": "deterministic-structural",
      "capabilities": {
        "parsing": "structural",
        "symbols": "structural",
        "imports": "structural",
        "calls": "structural",
        "controlFlow": "structural",
        "dataFlow": "universal",
        "cpg": "structural",
        "tests": "structural"
      },
      "fixture": "sample.lua",
      "okf": true,
      "cpg": true
    },
    {
      "id": "groovy",
      "label": "Groovy",
      "frontend": "brace-grammar",
      "parser": "deterministic-adapter",
      "conformance": "deterministic-grammar",
      "baseline": "deterministic-structural",
      "capabilities": {
        "parsing": "structural",
        "symbols": "structural",
        "imports": "structural",
        "calls": "structural",
        "controlFlow": "structural",
        "dataFlow": "universal",
        "cpg": "structural",
        "tests": "structural"
      },
      "fixture": "Sample.groovy",
      "okf": true,
      "cpg": true
    },
    {
      "id": "elixir",
      "label": "Elixir",
      "frontend": "functional-grammar",
      "parser": "deterministic-adapter",
      "conformance": "deterministic-grammar",
      "baseline": "deterministic-structural",
      "capabilities": {
        "parsing": "structural",
        "symbols": "structural",
        "imports": "structural",
        "calls": "structural",
        "controlFlow": "structural",
        "dataFlow": "universal",
        "cpg": "structural",
        "tests": "structural"
      },
      "fixture": "sample.ex",
      "okf": true,
      "cpg": true
    },
    {
      "id": "erlang",
      "label": "Erlang",
      "frontend": "functional-grammar",
      "parser": "deterministic-adapter",
      "conformance": "deterministic-grammar",
      "baseline": "deterministic-structural",
      "capabilities": {
        "parsing": "structural",
        "symbols": "structural",
        "imports": "structural",
        "calls": "structural",
        "controlFlow": "structural",
        "dataFlow": "universal",
        "cpg": "structural",
        "tests": "structural"
      },
      "fixture": "sample.erl",
      "okf": true,
      "cpg": true
    },
    {
      "id": "haskell",
      "label": "Haskell",
      "frontend": "functional-grammar",
      "parser": "deterministic-adapter",
      "conformance": "deterministic-grammar",
      "baseline": "deterministic-structural",
      "capabilities": {
        "parsing": "structural",
        "symbols": "structural",
        "imports": "structural",
        "calls": "structural",
        "controlFlow": "structural",
        "dataFlow": "universal",
        "cpg": "structural",
        "tests": "structural"
      },
      "fixture": "Sample.hs",
      "okf": true,
      "cpg": true
    },
    {
      "id": "r",
      "label": "R",
      "frontend": "indent-grammar",
      "parser": "deterministic-adapter",
      "conformance": "deterministic-grammar",
      "baseline": "deterministic-structural",
      "capabilities": {
        "parsing": "structural",
        "symbols": "structural",
        "imports": "structural",
        "calls": "structural",
        "controlFlow": "structural",
        "dataFlow": "universal",
        "cpg": "structural",
        "tests": "structural"
      },
      "fixture": "sample.R",
      "okf": true,
      "cpg": true
    },
    {
      "id": "julia",
      "label": "Julia",
      "frontend": "indent-grammar",
      "parser": "deterministic-adapter",
      "conformance": "deterministic-grammar",
      "baseline": "deterministic-structural",
      "capabilities": {
        "parsing": "structural",
        "symbols": "structural",
        "imports": "structural",
        "calls": "structural",
        "controlFlow": "structural",
        "dataFlow": "universal",
        "cpg": "structural",
        "tests": "structural"
      },
      "fixture": "sample.jl",
      "okf": true,
      "cpg": true
    },
    {
      "id": "perl",
      "label": "Perl",
      "frontend": "shell-grammar",
      "parser": "deterministic-adapter",
      "conformance": "deterministic-grammar",
      "baseline": "deterministic-structural",
      "capabilities": {
        "parsing": "structural",
        "symbols": "structural",
        "imports": "structural",
        "calls": "structural",
        "controlFlow": "structural",
        "dataFlow": "universal",
        "cpg": "structural",
        "tests": "structural"
      },
      "fixture": "sample.pl",
      "okf": true,
      "cpg": true
    },
    {
      "id": "shell",
      "label": "Shell",
      "frontend": "shell-grammar",
      "parser": "deterministic-adapter",
      "conformance": "deterministic-grammar",
      "baseline": "deterministic-structural",
      "capabilities": {
        "parsing": "structural",
        "symbols": "structural",
        "imports": "structural",
        "calls": "structural",
        "controlFlow": "structural",
        "dataFlow": "universal",
        "cpg": "structural",
        "tests": "structural"
      },
      "fixture": "sample.sh",
      "okf": true,
      "cpg": true
    },
    {
      "id": "powershell",
      "label": "PowerShell",
      "frontend": "shell-grammar",
      "parser": "deterministic-adapter",
      "conformance": "deterministic-grammar",
      "baseline": "deterministic-structural",
      "capabilities": {
        "parsing": "structural",
        "symbols": "structural",
        "imports": "structural",
        "calls": "structural",
        "controlFlow": "structural",
        "dataFlow": "universal",
        "cpg": "structural",
        "tests": "structural"
      },
      "fixture": "sample.ps1",
      "okf": true,
      "cpg": true
    },
    {
      "id": "sql",
      "label": "SQL",
      "frontend": "schema-grammar",
      "parser": "deterministic-adapter",
      "conformance": "deterministic-grammar",
      "baseline": "deterministic-structural",
      "capabilities": {
        "parsing": "structural",
        "symbols": "structural",
        "imports": "structural",
        "calls": "structural",
        "controlFlow": "structural",
        "dataFlow": "universal",
        "cpg": "structural",
        "tests": "structural"
      },
      "fixture": "schema.sql",
      "okf": true,
      "cpg": true
    },
    {
      "id": "graphql",
      "label": "GraphQL",
      "frontend": "schema-grammar",
      "parser": "deterministic-adapter",
      "conformance": "deterministic-grammar",
      "baseline": "deterministic-structural",
      "capabilities": {
        "parsing": "structural",
        "symbols": "structural",
        "imports": "structural",
        "calls": "structural",
        "controlFlow": "structural",
        "dataFlow": "universal",
        "cpg": "structural",
        "tests": "structural"
      },
      "fixture": "schema.graphql",
      "okf": true,
      "cpg": true
    },
    {
      "id": "protobuf",
      "label": "Protocol Buffers",
      "frontend": "schema-grammar",
      "parser": "deterministic-adapter",
      "conformance": "deterministic-grammar",
      "baseline": "deterministic-structural",
      "capabilities": {
        "parsing": "structural",
        "symbols": "structural",
        "imports": "structural",
        "calls": "structural",
        "controlFlow": "structural",
        "dataFlow": "universal",
        "cpg": "structural",
        "tests": "structural"
      },
      "fixture": "schema.proto",
      "okf": true,
      "cpg": true
    },
    {
      "id": "html",
      "label": "HTML",
      "frontend": "markup-grammar",
      "parser": "artifact",
      "conformance": "structural-artifact",
      "baseline": "structural-artifact",
      "capabilities": {
        "parsing": "structural",
        "symbols": "structural",
        "imports": "structural",
        "calls": "structural",
        "controlFlow": "structural",
        "dataFlow": "universal",
        "cpg": "structural",
        "tests": "structural"
      },
      "fixture": "index.html",
      "okf": true,
      "cpg": true
    },
    {
      "id": "css",
      "label": "CSS",
      "frontend": "markup-grammar",
      "parser": "artifact",
      "conformance": "structural-artifact",
      "baseline": "structural-artifact",
      "capabilities": {
        "parsing": "structural",
        "symbols": "structural",
        "imports": "structural",
        "calls": "structural",
        "controlFlow": "structural",
        "dataFlow": "universal",
        "cpg": "structural",
        "tests": "structural"
      },
      "fixture": "sample.css",
      "okf": true,
      "cpg": true
    },
    {
      "id": "json",
      "label": "JSON",
      "frontend": "data-grammar",
      "parser": "artifact",
      "conformance": "structural-artifact",
      "baseline": "structural-artifact",
      "capabilities": {
        "parsing": "structural",
        "symbols": "structural",
        "imports": "structural",
        "calls": "structural",
        "controlFlow": "structural",
        "dataFlow": "universal",
        "cpg": "structural",
        "tests": "structural"
      },
      "fixture": "sample.json",
      "okf": true,
      "cpg": true
    },
    {
      "id": "yaml",
      "label": "YAML",
      "frontend": "data-grammar",
      "parser": "artifact",
      "conformance": "structural-artifact",
      "baseline": "structural-artifact",
      "capabilities": {
        "parsing": "structural",
        "symbols": "structural",
        "imports": "structural",
        "calls": "structural",
        "controlFlow": "structural",
        "dataFlow": "universal",
        "cpg": "structural",
        "tests": "structural"
      },
      "fixture": "sample.yaml",
      "okf": true,
      "cpg": true
    },
    {
      "id": "toml",
      "label": "TOML",
      "frontend": "data-grammar",
      "parser": "artifact",
      "conformance": "structural-artifact",
      "baseline": "structural-artifact",
      "capabilities": {
        "parsing": "structural",
        "symbols": "structural",
        "imports": "structural",
        "calls": "structural",
        "controlFlow": "structural",
        "dataFlow": "universal",
        "cpg": "structural",
        "tests": "structural"
      },
      "fixture": "sample.toml",
      "okf": true,
      "cpg": true
    },
    {
      "id": "xml",
      "label": "XML",
      "frontend": "markup-grammar",
      "parser": "artifact",
      "conformance": "structural-artifact",
      "baseline": "structural-artifact",
      "capabilities": {
        "parsing": "structural",
        "symbols": "structural",
        "imports": "structural",
        "calls": "structural",
        "controlFlow": "structural",
        "dataFlow": "universal",
        "cpg": "structural",
        "tests": "structural"
      },
      "fixture": "sample.xml",
      "okf": true,
      "cpg": true
    },
    {
      "id": "markdown",
      "label": "Markdown",
      "frontend": "markup-grammar",
      "parser": "artifact",
      "conformance": "structural-artifact",
      "baseline": "structural-artifact",
      "capabilities": {
        "parsing": "structural",
        "symbols": "structural",
        "imports": "structural",
        "calls": "structural",
        "controlFlow": "structural",
        "dataFlow": "universal",
        "cpg": "structural",
        "tests": "structural"
      },
      "fixture": "sample.md",
      "okf": true,
      "cpg": true
    },
    {
      "id": "terraform",
      "label": "Terraform/HCL",
      "frontend": "infrastructure-grammar",
      "parser": "deterministic-adapter",
      "conformance": "deterministic-grammar",
      "baseline": "deterministic-structural",
      "capabilities": {
        "parsing": "structural",
        "symbols": "structural",
        "imports": "structural",
        "calls": "structural",
        "controlFlow": "structural",
        "dataFlow": "universal",
        "cpg": "structural",
        "tests": "structural"
      },
      "fixture": "main.tf",
      "okf": true,
      "cpg": true
    },
    {
      "id": "dockerfile",
      "label": "Dockerfile",
      "frontend": "infrastructure-grammar",
      "parser": "deterministic-adapter",
      "conformance": "deterministic-grammar",
      "baseline": "deterministic-structural",
      "capabilities": {
        "parsing": "structural",
        "symbols": "structural",
        "imports": "structural",
        "calls": "structural",
        "controlFlow": "structural",
        "dataFlow": "universal",
        "cpg": "structural",
        "tests": "structural"
      },
      "fixture": "Dockerfile",
      "okf": true,
      "cpg": true
    },
    {
      "id": "make",
      "label": "Make/Just",
      "frontend": "infrastructure-grammar",
      "parser": "deterministic-adapter",
      "conformance": "deterministic-grammar",
      "baseline": "deterministic-structural",
      "capabilities": {
        "parsing": "structural",
        "symbols": "structural",
        "imports": "structural",
        "calls": "structural",
        "controlFlow": "structural",
        "dataFlow": "universal",
        "cpg": "structural",
        "tests": "structural"
      },
      "fixture": "Makefile",
      "okf": true,
      "cpg": true
    },
    {
      "id": "cmake",
      "label": "CMake",
      "frontend": "infrastructure-grammar",
      "parser": "deterministic-adapter",
      "conformance": "deterministic-grammar",
      "baseline": "deterministic-structural",
      "capabilities": {
        "parsing": "structural",
        "symbols": "structural",
        "imports": "structural",
        "calls": "structural",
        "controlFlow": "structural",
        "dataFlow": "universal",
        "cpg": "structural",
        "tests": "structural"
      },
      "fixture": "CMakeLists.txt",
      "okf": true,
      "cpg": true
    },
    {
      "id": "maven",
      "label": "Maven",
      "frontend": "infrastructure-grammar",
      "parser": "artifact",
      "conformance": "structural-artifact",
      "baseline": "structural-artifact",
      "capabilities": {
        "parsing": "structural",
        "symbols": "structural",
        "imports": "structural",
        "calls": "structural",
        "controlFlow": "structural",
        "dataFlow": "universal",
        "cpg": "structural",
        "tests": "structural"
      },
      "fixture": "pom.xml",
      "okf": true,
      "cpg": true
    },
    {
      "id": "gradle",
      "label": "Gradle",
      "frontend": "infrastructure-grammar",
      "parser": "deterministic-adapter",
      "conformance": "deterministic-grammar",
      "baseline": "deterministic-structural",
      "capabilities": {
        "parsing": "structural",
        "symbols": "structural",
        "imports": "structural",
        "calls": "structural",
        "controlFlow": "structural",
        "dataFlow": "universal",
        "cpg": "structural",
        "tests": "structural"
      },
      "fixture": "build.gradle",
      "okf": true,
      "cpg": true
    },
    {
      "id": "kubernetes",
      "label": "Kubernetes/Helm",
      "frontend": "infrastructure-grammar",
      "parser": "artifact",
      "conformance": "structural-artifact",
      "baseline": "structural-artifact",
      "capabilities": {
        "parsing": "structural",
        "symbols": "structural",
        "imports": "structural",
        "calls": "structural",
        "controlFlow": "structural",
        "dataFlow": "universal",
        "cpg": "structural",
        "tests": "structural"
      },
      "fixture": "k8s/deployment.yaml",
      "okf": true,
      "cpg": true
    }
  ],
  "unknownLanguageConformance": {
    "id": "unknown",
    "frontend": "universal-text-grammar",
    "fixture": "unknown/workflow.future-language",
    "okf": true,
    "cpg": true
  },
  "universalUnknownTextFrontend": true,
  "allLanguageFilesIndexed": 44,
  "allLanguageCpgShards": 44,
  "allLanguageOkfValid": true,
  "portableOkfBundle": {
    "valid": true,
    "concepts": 223,
    "format": "OKF",
    "version": "0.2"
  },
  "okfKnowledgeKindsProduced": 17,
  "okfRelationshipKindsProduced": 16,
  "okfObservations": 232,
  "okfEvidence": 620,
  "incrementalUnchangedFilesReused": 44,
  "okfDeletionLifecycle": true,
  "unboundedFilesDiscovered": 5205,
  "unboundedFilesIndexed": 5205,
  "actualProject": {
    "files": 360,
    "symbols": 6322,
    "languages": 7
  },
  "sdlcStoriesCompleted": 16,
  "sdlcStoryTypes": [
    "research",
    "specification",
    "design",
    "development",
    "existing-test-analysis",
    "test-impact-analysis",
    "new-test-creation",
    "failed-test-investigation",
    "flaky-test-analysis",
    "security-review",
    "performance-review",
    "modernization-review",
    "code-review",
    "pr-review",
    "documentation",
    "completion"
  ],
  "intentResearchDocumentGenerated": true,
  "generatedUserStories": 9,
  "generatedQualityStories": 5,
  "generatedBacklog": [
    {
      "kind": "user-story",
      "title": "Implement API behavior: Browser View /state and /command",
      "evidence": 1,
      "acceptanceCriteria": 8
    },
    {
      "kind": "user-story",
      "title": "Implement API behavior: Intent API",
      "evidence": 1,
      "acceptanceCriteria": 3
    },
    {
      "kind": "user-story",
      "title": "Implement service behavior: Keystone application store",
      "evidence": 1,
      "acceptanceCriteria": 3
    },
    {
      "kind": "user-story",
      "title": "Implement service behavior: Task Handoff service",
      "evidence": 1,
      "acceptanceCriteria": 3
    },
    {
      "kind": "user-story",
      "title": "Implement data behavior: SDLCPlan",
      "evidence": 1,
      "acceptanceCriteria": 3
    },
    {
      "kind": "user-story",
      "title": "Implement data behavior: KeystoneOkfSnapshot",
      "evidence": 1,
      "acceptanceCriteria": 3
    },
    {
      "kind": "user-story",
      "title": "Implement repository slice: src/extension",
      "evidence": 1,
      "acceptanceCriteria": 3
    },
    {
      "kind": "user-story",
      "title": "Implement repository slice: src/webview",
      "evidence": 1,
      "acceptanceCriteria": 3
    },
    {
      "kind": "user-story",
      "title": "Integrate repository boundaries and preserve contracts",
      "evidence": 8,
      "acceptanceCriteria": 3
    },
    {
      "kind": "quality-story",
      "title": "Prove existing coverage and change impact",
      "evidence": 2,
      "acceptanceCriteria": 2
    },
    {
      "kind": "quality-story",
      "title": "Add acceptance-linked regression coverage",
      "evidence": 1,
      "acceptanceCriteria": 2
    },
    {
      "kind": "quality-story",
      "title": "Validate security-sensitive trust boundaries",
      "evidence": 3,
      "acceptanceCriteria": 2
    },
    {
      "kind": "quality-story",
      "title": "Validate performance-sensitive execution paths",
      "evidence": 3,
      "acceptanceCriteria": 2
    },
    {
      "kind": "quality-story",
      "title": "Complete engineering and read-only PR review",
      "evidence": 3,
      "acceptanceCriteria": 2
    }
  ],
  "valueEdgeFeatureImported": "42",
  "valueEdgeStoriesPublished": 2,
  "taskHandoffExactSdlcRoundTrip": true,
  "taskHandoff": {
    "encrypted": true,
    "integrityVerified": true,
    "exactSdlcPlanRestored": true
  },
  "browserSharedRuntime": true,
  "browserChecks": {
    "unauthenticatedState": 401,
    "bootstrap": 303,
    "bootstrapReplay": 401,
    "crossOriginCommand": 403,
    "acceptedCommand": 202,
    "staleCommand": 409,
    "reconnectLatestState": true,
    "sharedAssets": true
  },
  "browserAuthenticationAndOriginChecks": true,
  "browserStaleVersionAndReconnectChecks": true,
  "gitPolicy": "read-only"
}

> keystone@1.0.0 build
> npm run clean && node scripts/build.mjs


> keystone@1.0.0 clean
> node scripts/clean.mjs

Built 116 extension/core module(s).
Built 4 webview module(s).

> keystone@1.0.0 package
> node scripts/package-vsix.mjs

Created /mnt/data/keystone_finish/dist/keystone-1.0.0.vsix and /mnt/data/keystone_finish/dist/keystone.vsix

> keystone@1.0.0 verify:package
> node scripts/verify-vsix.mjs

Verified dist/keystone-1.0.0.vsix with 439 entries.
Verified dist/keystone.vsix with 439 entries.
